// Jest Snapshot v1, https://goo.gl/fbAQLP

exports[`Background it should render 1`] = `
.c0 {
  position: fixed;
  top: 0;
  width: 100vw;
  height: 100vh;
  z-index: -1;
  background-color: #151515;
}

.c2 {
  position: absolute;
  width: 150px;
  height: 100%;
  top: 0;
  background-size: 100% auto;
  background-repeat: repeat-y;
}

.c1 {
  left: 0;
  background-position: left center;
  background-image: url('/static/images/bg_stars_left.jpg');
}

.c3 {
  right: 0;
  background-position: right center;
  background-image: url('/static/images/bg_stars_right.jpg');
}

<div
  className="c0"
>
  <div
    className="c1 c2"
  />
  <div
    className="c3 c2"
  />
</div>
`;
