// Jest Snapshot v1, https://goo.gl/fbAQLP

exports[`Price it should render 1`] = `
.c0 {
  color: #edec51;
  text-transform: uppercase;
  font-size: 11px;
  margin-bottom: 4px;
  font-family: 'Lato',Helvetica,arial,sans-serif;
  -webkit-letter-spacing: -1.1px;
  -moz-letter-spacing: -1.1px;
  -ms-letter-spacing: -1.1px;
  letter-spacing: -1.1px;
}

<label
  className="c0"
/>
`;
